Killing existing a.out shells
Testing basic commands...
*****************************************
1		‚úÖ PASSED
*****************************************
2		‚úÖ PASSED
*****************************************
3		‚ùå FAILED
history
exit


Got:
$ 39953 history
$ 

Expected:

$ history RUNNING
$ 

Testing nonexistent commands...
*****************************************
4		‚úÖ PASSED
*****************************************
5		‚ùå FAILED
wtf
history
exit


Got:
$ exec failed
$ 39978 wtf
39976 history
$ 

Expected:

$ exec failed
$ wtf DONE
history RUNNING
$ 

*****************************************
6		‚ùå FAILED
wtf
history
exit


Got:
$ exec failed
$ 39990 wtf
39988 history
$ 

Expected:

$ exec failed
$ wtf DONE
history RUNNING
$ 

*****************************************
7		‚ùå FAILED
wtf &
sleep 1
history
exit


Got:
$ exec failed
$ $ 40002 wtf &
40003 sleep 1
40000 history
$ 

Expected:

$ $ exec failed
$ wtf DONE
sleep 1 DONE
history RUNNING
$ 

*****************************************
8		‚ùå FAILED
wtf &
sleep 1
wtf2
history
exit


Got:
$ exec failed
$ $ exec failed
$ 40028 wtf &
40029 sleep 1
40041 wtf2
40026 history
$ 

Expected:

$ $ exec failed
$ exec failed
$ wtf DONE
sleep 1 DONE
wtf2 DONE
history RUNNING
$ 

*****************************************
9		‚úÖ PASSED
*****************************************
10		‚ùå FAILED
wtf &
touch file
ls file
exit


Got:
$ exec failed
$ $ file
$ 

Expected:

$ $ exec failed
$ file
$ 

*****************************************
11		‚úÖ PASSED
*****************************************
12		‚ùå FAILED
wtf that &
touch file
ls file
exit


Got:
$ exec failed
$ $ file
$ 

Expected:

$ $ exec failed
$ file
$ 

Testing async commands...
*****************************************
13		‚ùå FAILED
sleep 1 &
history
exit


Got:
$ sleep: invalid time interval ‚Äò&‚Äô
Try 'sleep --help' for more information.
$ 40113 sleep 1 &
40111 history
$ 

Expected:

$ $ sleep 1 RUNNING
history RUNNING
$ 

*****************************************
14		‚ùå FAILED
sleep 1 &
sleep 2 &
history
exit


Got:
$ sleep: invalid time interval ‚Äò&‚Äô
Try 'sleep --help' for more information.
$ sleep: invalid time interval ‚Äò&‚Äô
Try 'sleep --help' for more information.
$ 40131 sleep 1 &
40132 sleep 2 &
40129 history
$ 

Expected:

$ $ $ sleep 1 RUNNING
sleep 2 RUNNING
history RUNNING
$ 

*****************************************
15		‚ùå FAILED
sleep 1
sleep 2 &
history
exit


Got:
$ $ sleep: invalid time interval ‚Äò&‚Äô
Try 'sleep --help' for more information.
$ 40144 sleep 1
40150 sleep 2 &
40142 history
$ 

Expected:

$ $ $ sleep 1 DONE
sleep 2 RUNNING
history RUNNING
$ 

*****************************************
16		‚ùå FAILED
sleep 100 &
sleep 1 &
sleep 2
history
exit


Got:
$ sleep: invalid time interval ‚Äò&‚Äô
Try 'sleep --help' for more information.
$ sleep: invalid time interval ‚Äò&‚Äô
Try 'sleep --help' for more information.
$ $ 40162 sleep 100 &
40163 sleep 1 &
40164 sleep 2
40160 history
$ 

Expected:

$ $ $ $ sleep 100 RUNNING
sleep 1 DONE
sleep 2 DONE
history RUNNING
$ 

Testing cd valid usage commands...
*****************************************
17		‚úÖ PASSED
*****************************************
18		‚ùå FAILED
cd ~
pwd
exit


Got:
$ history: too many arguments
$ /home/david/git_Repository_Drop_Place/Operating-System-ex1-myshell/.tmpdir
$ 

Expected:

$ $ /home/david
$ 

*****************************************
19		‚ùå FAILED
cd ~/
pwd
exit


Got:
$ history: too many arguments
$ /home/david/git_Repository_Drop_Place/Operating-System-ex1-myshell/.tmpdir
$ 

Expected:

$ $ /home/david
$ 

Testing cd nonexistent paths commands...
*****************************************
20		‚ùå FAILED
cd /what
pwd
exit


Got:
$ history: too many arguments
$ /home/david/git_Repository_Drop_Place/Operating-System-ex1-myshell/.tmpdir
$ 

Expected:

$ chdir failed
$ /home/david/git_Repository_Drop_Place/Operating-System-ex1-myshell/.tmpdir
$ 

*****************************************
21		‚ùå FAILED
cd ~/the
pwd
exit


Got:
$ history: too many arguments
$ /home/david/git_Repository_Drop_Place/Operating-System-ex1-myshell/.tmpdir
$ 

Expected:

$ chdir failed
$ /home/david/git_Repository_Drop_Place/Operating-System-ex1-myshell/.tmpdir
$ 

Testing invalid substitutions commands...
*****************************************
22		‚ùå FAILED
cd /the~
pwd
exit


Got:
$ history: too many arguments
$ /home/david/git_Repository_Drop_Place/Operating-System-ex1-myshell/.tmpdir
$ 

Expected (one of the 2 following outputs):

$ chdir failed
$ /home/david/git_Repository_Drop_Place/Operating-System-ex1-myshell/.tmpdir
$ 

----- OR -----

$ An error occurred
$ /home/david/git_Repository_Drop_Place/Operating-System-ex1-myshell/.tmpdir
$ 

*****************************************
23		‚ùå FAILED
cd -/hell
pwd
exit


Got:
$ history: too many arguments
$ /home/david/git_Repository_Drop_Place/Operating-System-ex1-myshell/.tmpdir
$ 

Expected (one of the 2 following outputs):

$ chdir failed
$ /home/david/git_Repository_Drop_Place/Operating-System-ex1-myshell/.tmpdir
$ 

----- OR -----

$ An error occurred
$ /home/david/git_Repository_Drop_Place/Operating-System-ex1-myshell/.tmpdir
$ 

*****************************************
24		‚ùå FAILED
cd --
pwd
exit


Got:
$ history: too many arguments
$ /home/david/git_Repository_Drop_Place/Operating-System-ex1-myshell/.tmpdir
$ 

Expected (one of the 2 following outputs):

$ chdir failed
$ /home/david/git_Repository_Drop_Place/Operating-System-ex1-myshell/.tmpdir
$ 

----- OR -----

$ An error occurred
$ /home/david/git_Repository_Drop_Place/Operating-System-ex1-myshell/.tmpdir
$ 

*****************************************
25		‚ùå FAILED
cd /hell-
pwd
exit


Got:
$ history: too many arguments
$ /home/david/git_Repository_Drop_Place/Operating-System-ex1-myshell/.tmpdir
$ 

Expected (one of the 2 following outputs):

$ chdir failed
$ /home/david/git_Repository_Drop_Place/Operating-System-ex1-myshell/.tmpdir
$ 

----- OR -----

$ An error occurred
$ /home/david/git_Repository_Drop_Place/Operating-System-ex1-myshell/.tmpdir
$ 

Testing valid substitutions commands...
*****************************************
26		‚ùå FAILED
cd ~/.test
cd ..
pwd
exit


Got:
$ history: too many arguments
$ $ /home/david/git_Repository_Drop_Place/Operating-System-ex1-myshell
$ 

Expected:

$ $ $ /home/david
$ 

*****************************************
27		‚ùå FAILED
cd ~/.test
cd ../
pwd
exit


Got:
$ history: too many arguments
$ $ /home/david/git_Repository_Drop_Place/Operating-System-ex1-myshell
$ 

Expected:

$ $ $ /home/david
$ 

*****************************************
28		‚úÖ PASSED
*****************************************
29		‚ùå FAILED
cd ~/.test
pwd
exit


Got:
$ history: too many arguments
$ /home/david/git_Repository_Drop_Place/Operating-System-ex1-myshell/.tmpdir
$ 

Expected:

$ $ /home/david/.test
$ 

*****************************************
30		‚ùå FAILED
cd ~/.test
cd -
pwd
exit


Got:
$ history: too many arguments
$ history: too many arguments
$ /home/david/git_Repository_Drop_Place/Operating-System-ex1-myshell/.tmpdir
$ 

Expected:

$ $ $ /home/david/git_Repository_Drop_Place/Operating-System-ex1-myshell/.tmpdir
$ 

*****************************************
31		‚ùå FAILED
cd ~/.test
cd -
cd -
pwd
exit


Got:
$ history: too many arguments
$ history: too many arguments
$ history: too many arguments
$ /home/david/git_Repository_Drop_Place/Operating-System-ex1-myshell/.tmpdir
$ 

Expected:

$ $ $ $ /home/david/.test
$ 

*****************************************
32		‚ùå FAILED
cd ~/.test
cd -
cd -
cd -
pwd
exit


Got:
$ history: too many arguments
$ history: too many arguments
$ history: too many arguments
$ history: too many arguments
$ /home/david/git_Repository_Drop_Place/Operating-System-ex1-myshell/.tmpdir
$ 

Expected:

$ $ $ $ $ /home/david/git_Repository_Drop_Place/Operating-System-ex1-myshell/.tmpdir
$ 

*****************************************
33		‚ùå FAILED
cd ~/.test
cd -
cd -
cd -
cd -
pwd
exit


Got:
$ history: too many arguments
$ history: too many arguments
$ history: too many arguments
$ history: too many arguments
$ history: too many arguments
$ /home/david/git_Repository_Drop_Place/Operating-System-ex1-myshell/.tmpdir
$ 

Expected:

$ $ $ $ $ $ /home/david/.test
$ 

*****************************************
34		‚úÖ PASSED
*****************************************
35		‚ùå FAILED
cd /dev/~
pwd
exit


Got:
$ history: too many arguments
$ /home/david/git_Repository_Drop_Place/Operating-System-ex1-myshell/.tmpdir
$ 

Expected:

$ chdir failed
$ /home/david/git_Repository_Drop_Place/Operating-System-ex1-myshell/.tmpdir
$ 

*****************************************
36		‚ùå FAILED
cd /dev/../~
pwd
exit


Got:
$ history: too many arguments
$ /home/david/git_Repository_Drop_Place/Operating-System-ex1-myshell/.tmpdir
$ 

Expected:

$ chdir failed
$ /home/david/git_Repository_Drop_Place/Operating-System-ex1-myshell/.tmpdir
$ 

*****************************************
37		‚úÖ PASSED
*****************************************
38		‚úÖ PASSED
*****************************************
39		‚úÖ PASSED
*****************************************
40		‚ùå FAILED
cd
pwd
exit


Got:
$ history: too many arguments
$ /home/david/git_Repository_Drop_Place/Operating-System-ex1-myshell/.tmpdir
$ 

Expected:

$ $ /home/david
$ 

*****************************************
41		‚ùå FAILED
cd
cd -
pwd
exit


Got:
$ history: too many arguments
$ history: too many arguments
$ /home/david/git_Repository_Drop_Place/Operating-System-ex1-myshell/.tmpdir
$ 

Expected:

$ $ $ /home/david/git_Repository_Drop_Place/Operating-System-ex1-myshell/.tmpdir
$ 

*****************************************
42		‚ùå FAILED
cd
cd -
cd -
pwd
exit


Got:
$ history: too many arguments
$ history: too many arguments
$ history: too many arguments
$ /home/david/git_Repository_Drop_Place/Operating-System-ex1-myshell/.tmpdir
$ 

Expected:

$ $ $ $ /home/david
$ 

*****************************************
43		‚ùå FAILED
cd
cd
cd -
pwd
exit


Got:
$ history: too many arguments
$ history: too many arguments
$ history: too many arguments
$ /home/david/git_Repository_Drop_Place/Operating-System-ex1-myshell/.tmpdir
$ 

Expected:

$ $ $ $ /home/david
$ 

Testing echo multiple arguments commands...
*****************************************
44		‚úÖ PASSED
*****************************************
45		‚ùå FAILED
cd .test
echo a b c d e
history
exit


Got:
$ $ a b c d e
$ 40556 cd .test
40558 echo a b c d e
40556 history
$ 

Expected:

$ $ a b c d e
$ cd .test DONE
echo a b c d e DONE
history RUNNING
$ 

Testing echo special cases...
*****************************************
46		‚úÖ PASSED
*****************************************
47		‚ùå FAILED
echo "struct"
exit


Got:
$ "struct"
$ 

Expected:

$ struct
$ 

*****************************************
48		‚ùå FAILED
echo bash "scripting" is "~fun" ,~seriously ":)"
exit


Got:
$ bash "scripting" is "~fun" ,~seriously ":)"
$ 

Expected:

$ bash scripting is ~fun ,~seriously :)
$ 

*****************************************
49		‚ùå FAILED
echo bash "scripting" is "~fun" ,~seriously ":)"
history
exit


Got:
$ bash "scripting" is "~fun" ,~seriously ":)"
$ 40607 echo bash "scripting" is "~fun" ,~seriously ":)"
40605 history
$ 

Expected:

$ bash scripting is ~fun ,~seriously :)
$ echo bash "scripting" is "~fun" ,~seriously ":)" DONE
history RUNNING
$ 

Testing jobs command cases...
*****************************************
50		‚ùå FAILED
jobs
exit


Got:
$ exec failed
$ 

Expected:

$ $ 

*****************************************
51		‚ùå FAILED
sleep 1
jobs
exit


Got:
$ $ exec failed
$ 

Expected:

$ $ $ 

*****************************************
52		‚ùå FAILED
sleep 10 &
jobs
exit


Got:
$ sleep: invalid time interval ‚Äò&‚Äô
Try 'sleep --help' for more information.
$ exec failed
$ 

Expected:

$ $ sleep 10
$ 

*****************************************
53		‚ùå FAILED
sleep 10 &
sleep 100 &
jobs
history
exit


Got:
$ sleep: invalid time interval ‚Äò&‚Äô
Try 'sleep --help' for more information.
$ sleep: invalid time interval ‚Äò&‚Äô
Try 'sleep --help' for more information.
$ exec failed
$ 40657 sleep 10 &
40658 sleep 100 &
40659 jobs
40655 history
$ 

Expected:

$ $ $ sleep 10
sleep 100
$ sleep 10 RUNNING
sleep 100 RUNNING
jobs DONE
history RUNNING
$ 

*****************************************
54		‚ùå FAILED
sleep 25 &
sleep 1
echo hello
jobs
history
exit


Got:
$ sleep: invalid time interval ‚Äò&‚Äô
Try 'sleep --help' for more information.
$ $ hello
$ exec failed
$ 40671 sleep 25 &
40672 sleep 1
40673 echo hello
40674 jobs
40669 history
$ 

Expected:

$ $ $ hello
$ sleep 25
$ sleep 25 RUNNING
sleep 1 DONE
echo hello DONE
jobs DONE
history RUNNING
$ 

*****************************************
55		‚ùå FAILED
jobs
exit


Got:
$ exec failed
$ 

Expected:

$ $ 

Testing cwd keeping...
*****************************************
56		‚úÖ PASSED
*****************************************
57		‚ùå FAILED
cd a b
exit


Got:
$ cd: too many arguments
$ 

Expected (one of the 2 following outputs):

$ Too many arguments
$ 

----- OR -----

$ Too many argument
$ 

*****************************************
58		‚ùå FAILED
cd a b c d e
history
exit


Got:
$ cd: too many arguments
$ 40726 cd a b c d e
40726 history
$ 

Expected (one of the 2 following outputs):

$ Too many arguments
$ cd a b c d e DONE
history RUNNING
$ 

----- OR -----

$ Too many argument
$ cd a b c d e DONE
history RUNNING
$ 

Testing usual cases from submit system...
*****************************************
59		‚ùå FAILED
ls myAwesomeDir
history
exit


Got:
$ myAwesomefile.txt
$ 40749 ls myAwesomeDir
40747 history
$ 

Expected:

$ myAwesomefile.txt
$ ls myAwesomeDir DONE
history RUNNING
$ 

*****************************************
60		‚úÖ PASSED
*****************************************
61		‚úÖ PASSED
*****************************************
62		‚úÖ PASSED

************ üìù  SUMMARY  üìù ************
           17/62 tests passed!
Failed tests are:
3,5,6,7,8,10,12,13,14,15,16,18,19,20,21,22,23,24,25,26,27,29,30,31,32,33,35,36,40,41,42,43,45,47,48,49,50,51,52,53,54,55,57,58,59
*****************************************

*****************************************
**  This script was made by Ron Even   **
**         script version: 1.8         **
*****************************************
